Archive member included to satisfy reference by file (symbol)

/opt/devkitpro/libctru/lib/libctru.a(linear.o)
                              snd_ctr.o (linearAlloc)
/opt/devkitpro/libctru/lib/libctru.a(mem_pool.o)
                              /opt/devkitpro/libctru/lib/libctru.a(linear.o) (MemPool::Allocate(MemChunk&, unsigned long, int))
/opt/devkitpro/libctru/lib/libctru.a(os.o)
                              sys_ctr.o (osSetSpeedupEnable)
/opt/devkitpro/libctru/lib/libctru.a(console.o)
                              sys_ctr.o (consoleInit)
/opt/devkitpro/libctru/lib/libctru.a(gfx.o)
                              sys_ctr.o (gfxSet3D)
/opt/devkitpro/libctru/lib/libctru.a(ndsp.o)
                              snd_ctr.o (ndspInit)
/opt/devkitpro/libctru/lib/libctru.a(ndsp-channel.o)
                              snd_ctr.o (ndspChnReset)
/opt/devkitpro/libctru/lib/libctru.a(irrst.o)
                              in_ctr.o (irrstCstickRead)
/opt/devkitpro/libctru/lib/libctru.a(cfgu.o)
                              /opt/devkitpro/libctru/lib/libctru.a(ndsp.o) (cfguInit)
/opt/devkitpro/libctru/lib/libctru.a(dsp.o)
                              /opt/devkitpro/libctru/lib/libctru.a(ndsp.o) (dspInit)
/opt/devkitpro/libctru/lib/libctru.a(gspgpu.o)
                              /opt/devkitpro/libctru/lib/libctru.a(gfx.o) (gspInit)
/opt/devkitpro/libctru/lib/libctru.a(csnd.o)
                              snd_ctr.o (CSND_FlushDataCache)
/opt/devkitpro/libctru/lib/libctru.a(apt.o)
                              sys_ctr.o (aptHook)
/opt/devkitpro/libctru/lib/libctru.a(hid.o)
                              sys_ctr.o (hidScanInput)
/opt/devkitpro/libctru/lib/libctru.a(ptmsysm.o)
                              /opt/devkitpro/libctru/lib/libctru.a(os.o) (ptmSysmInit)
/opt/devkitpro/libctru/lib/libctru.a(fs.o)
                              /opt/devkitpro/libctru/lib/libctru.a(ndsp.o) (FSUSER_OpenFileDirectly)
/opt/devkitpro/libctru/lib/libctru.a(soc_inet_addr.o)
                              net_dgrm.o (inet_addr)
/opt/devkitpro/libctru/lib/libctru.a(soc_socket.o)
                              net_udpctr.o (socket)
/opt/devkitpro/libctru/lib/libctru.a(soc_gethostbyname.o)
                              net_udpctr.o (gethostbyname)
/opt/devkitpro/libctru/lib/libctru.a(soc_gethostbyaddr.o)
                              net_udpctr.o (gethostbyaddr)
/opt/devkitpro/libctru/lib/libctru.a(soc_common.o)
                              /opt/devkitpro/libctru/lib/libctru.a(soc_socket.o) (_net_convert_error)
/opt/devkitpro/libctru/lib/libctru.a(soc_gethostid.o)
                              net_udpctr.o (gethostid)
/opt/devkitpro/libctru/lib/libctru.a(soc_inet_aton.o)
                              /opt/devkitpro/libctru/lib/libctru.a(soc_inet_addr.o) (inet_aton)
/opt/devkitpro/libctru/lib/libctru.a(soc_bind.o)
                              net_udpctr.o (bind)
/opt/devkitpro/libctru/lib/libctru.a(soc_fcntl.o)
                              net_udpctr.o (fcntl)
/opt/devkitpro/libctru/lib/libctru.a(soc_inet_ntoa.o)
                              net_dgrm.o (inet_ntoa)
/opt/devkitpro/libctru/lib/libctru.a(soc_init.o)
                              net_udpctr.o (socInit)
/opt/devkitpro/libctru/lib/libctru.a(soc_getsockname.o)
                              net_udpctr.o (getsockname)
/opt/devkitpro/libctru/lib/libctru.a(soc_recvfrom.o)
                              /opt/devkitpro/libctru/lib/libctru.a(soc_init.o) (soc_recvfrom)
/opt/devkitpro/libctru/lib/libctru.a(soc_sendto.o)
                              /opt/devkitpro/libctru/lib/libctru.a(soc_init.o) (soc_sendto)
/opt/devkitpro/libctru/lib/libctru.a(rbtree_init.o)
                              /opt/devkitpro/libctru/lib/libctru.a(linear.o) (rbtree_init)
/opt/devkitpro/libctru/lib/libctru.a(rbtree_insert.o)
                              /opt/devkitpro/libctru/lib/libctru.a(linear.o) (rbtree_insert)
/opt/devkitpro/libctru/lib/libctru.a(rbtree_rotate.o)
                              /opt/devkitpro/libctru/lib/libctru.a(rbtree_insert.o) (rbtree_rotate)
/opt/devkitpro/libctru/lib/libctru.a(rbtree_remove.o)
                              /opt/devkitpro/libctru/lib/libctru.a(linear.o) (rbtree_remove)
/opt/devkitpro/libctru/lib/libctru.a(rbtree_find.o)
                              /opt/devkitpro/libctru/lib/libctru.a(linear.o) (rbtree_find)
/opt/devkitpro/libctru/lib/libctru.a(allocateHeaps.o)
                              /opt/devkitpro/libctru/lib/libctru.a(linear.o) (__ctru_linear_heap_size)
/opt/devkitpro/libctru/lib/libctru.a(ctru_init.o)
                              /opt/devkitpro/libctru/lib/libctru.a(apt.o) (__system_retAddr)
/opt/devkitpro/libctru/lib/libctru.a(initArgv.o)
                              /opt/devkitpro/libctru/lib/libctru.a(ctru_init.o) (__system_initArgv)
/opt/devkitpro/libctru/lib/libctru.a(svc.o)
                              /opt/devkitpro/libctru/lib/libctru.a(allocateHeaps.o) (svcControlMemory)
/opt/devkitpro/libctru/lib/libctru.a(stack_adjust.o)
[...]
Memory Configuration

Name             Origin             Length             Attributes
*default*        0x0000000000000000 0xffffffffffffffff

Linker script and memory map

                0x0000000000100000                PROVIDE (__start__ = 0x100000)
                0x0000000000100000                . = __start__

.text           0x0000000000100000    0x77710
 *(.crt0)
 .crt0          0x0000000000100000       0x94 /opt/devkitpro/devkitARM/bin/../lib/gcc/arm-none-eabi/11.1.0/../../../../arm-none-eabi/lib/armv6k/fpu/3dsx_crt0.o
                0x0000000000100000                _start
                0x0000000000100008                __service_ptr
                0x000000000010000c                __apt_appid
                0x0000000000100010                __heap_size
                0x0000000000100014                __linear_heap_size
                0x0000000000100018                __system_arglist
                0x000000000010001c                __system_runflags
 *(.init)
 .init          0x0000000000100094        0xc /opt/devkitpro/devkitARM/bin/../lib/gcc/arm-none-eabi/11.1.0/armv6k/fpu/crti.o
                0x0000000000100094                _init
 .init          0x00000000001000a0        0xc /opt/devkitpro/devkitARM/bin/../lib/gcc/arm-none-eabi/11.1.0/armv6k/fpu/crtn.o
                0x00000000001000ac                . = ALIGN (0x4)
 *(.text)
 .text          0x00000000001000ac      0x20c /opt/devkitpro/devkitARM/bin/../lib/gcc/arm-none-eabi/11.1.0/armv6k/fpu/libgcc.a(_udivsi3.o)
                0x00000000001000ac                __udivsi3
                0x00000000001000ac                __aeabi_uidiv
                0x0000000000100298                __aeabi_uidivmod
 .text          0x00000000001002b8      0x240 /opt/devkitpro/devkitARM/bin/../lib/gcc/arm-none-eabi/11.1.0/armv6k/fpu/libgcc.a(_divsi3.o)
                0x00000000001002b8                __divsi3
                0x00000000001002b8                __aeabi_idiv
                0x00000000001004d8                __aeabi_idivmod
 .text          0x00000000001004f8        0x4 /opt/devkitpro/devkitARM/bin/../lib/gcc/arm-none-eabi/11.1.0/armv6k/fpu/libgcc.a(_dvmd_tls.o)
                0x00000000001004f8                __aeabi_ldiv0
                0x00000000001004f8                __aeabi_idiv0
 .text          0x00000000001004fc      0x3c0 /opt/devkitpro/devkitARM/bin/../lib/gcc/arm-none-eabi/11.1.0/armv6k/fpu/libgcc.a(_arm_addsubdf3.o)
                0x00000000001004fc                __aeabi_drsub
                0x0000000000100504                __aeabi_dsub
                0x0000000000100504                __subdf3
                0x0000000000100508                __adddf3
                0x0000000000100508                __aeabi_dadd
                0x00000000001007b4                __aeabi_ui2d
                0x00000000001007b4                __floatunsidf
                0x00000000001007d8                __aeabi_i2d
                0x00000000001007d8                __floatsidf
                0x0000000000100800                __extendsfdf2
                0x0000000000100800                __aeabi_f2d
                0x0000000000100848                __aeabi_ul2d
                0x0000000000100848                __floatundidf
                0x000000000010085c                __floatdidf
                0x000000000010085c                __aeabi_l2d
 .text          0x00000000001008bc       0xd4 /opt/devkitpro/devkitARM/bin/../lib/gcc/arm-none-eabi/11.1.0/armv6k/fpu/libgcc.a(_aeabi_ldivmod.o)
                0x00000000001008bc                __aeabi_ldivmod
 .text          0x0000000000100990       0x3c /opt/devkitpro/devkitARM/bin/../lib/gcc/arm-none-eabi/11.1.0/armv6k/fpu/libgcc.a(_aeabi_uldivmod.o)
                0x0000000000100990                __aeabi_uldivmod
 .text          0x00000000001009cc       0x2c /opt/devkitpro/devkitARM/bin/../lib/gcc/arm-none-eabi/11.1.0/../../../../arm-none-eabi/lib/armv6k/fpu/libg.a(lib_a-setjmp.o)
                0x00000000001009cc                setjmp
                0x00000000001009e0                longjmp
 *fill*         0x00000000001009f8        0x8 
 .text          0x0000000000100a00      0x390 /opt/devkitpro/devkitARM/bin/../lib/gcc/arm-none-eabi/11.1.0/../../../../arm-none-eabi/lib/armv6k/fpu/libg.a(lib_a-strcmp.o)
                0x0000000000100a08                strcmp
 *(.text.*)
 .text.__do_global_dtors_aux
                0x0000000000100d90       0x40 /opt/devkitpro/devkitARM/bin/../lib/gcc/arm-none-eabi/11.1.0/armv6k/fpu/crtbegin.o
 .text.frame_dummy
                0x0000000000100dd0       0x2c /opt/devkitpro/devkitARM/bin/../lib/gcc/arm-none-eabi/11.1.0/armv6k/fpu/crtbegin.o
 .text.Chase_Init
                0x0000000000100dfc       0x30 chase.o
                0x0000000000100dfc                Chase_Init
 *fill*         0x0000000000100e2c        0x4 
 .text.Chase_Update
                0x0000000000100e30      0x178 chase.o
                0x0000000000100e30                Chase_Update
 .text.CL_StopPlayback
                0x0000000000100fa8       0xd4 cl_demo.o
                0x0000000000100fa8                CL_StopPlayback
 .text.CL_WriteDemoMessage
                0x000000000010107c       0xac cl_demo.o
                0x000000000010107c                CL_WriteDemoMessage
 .text.CL_GetMessage
                0x0000000000101128      0x2ac cl_demo.o
                0x0000000000101128                CL_GetMessage
 .text.CL_Stop_f
                0x00000000001013d4       0x7c cl_demo.o
                0x00000000001013d4                CL_Stop_f
 .text.CL_Record_f
                0x0000000000101450      0x1cc cl_demo.o
                0x0000000000101450                CL_Record_f
 .text.CL_PlayDemo_f
                0x000000000010161c      0x11c cl_demo.o
                0x000000000010161c                CL_PlayDemo_f
 .text.CL_TimeDemo_f
                0x0000000000101738       0x60 cl_demo.o
                0x0000000000101738                CL_TimeDemo_f
 .text.IN_Impulse
                0x0000000000101798       0x20 cl_input.o
                0x0000000000101798                IN_Impulse
 .text.IN_AttackDown
                0x00000000001017b8       0x80 cl_input.o
                0x00000000001017b8                IN_AttackDown
 .text.IN_DownDown
                0x0000000000101838       0x80 cl_input.o
                0x0000000000101838                IN_DownDown
 .text.IN_LeftDown
                0x00000000001018b8       0x80 cl_input.o
                0x00000000001018b8                IN_LeftDown
 .text.IN_RightDown
                0x0000000000101938       0x80 cl_input.o
                0x0000000000101938                IN_RightDown
 .text.IN_ForwardDown
                0x00000000001019b8       0x80 cl_input.o
                0x00000000001019b8                IN_ForwardDown
 .text.IN_LookdownDown
                0x0000000000101a38       0x80 cl_input.o
                0x0000000000101a38                IN_LookdownDown
 .text.IN_BackDown
                0x0000000000101ab8       0x80 cl_input.o
                0x0000000000101ab8                IN_BackDown
 .text.IN_LookupDown
                0x0000000000101b38       0x80 cl_input.o
                0x0000000000101b38                IN_LookupDown
 .text.IN_KLookDown
                0x0000000000101bb8       0x80 cl_input.o
                0x0000000000101bb8                IN_KLookDown
 .text.IN_StrafeDown
                0x0000000000101c38       0x80 cl_input.o
                0x0000000000101c38                IN_StrafeDown
 .text.IN_UpDown
                0x0000000000101cb8       0x80 cl_input.o
                0x0000000000101cb8                IN_UpDown
 .text.IN_JumpDown
                0x0000000000101d38       0x80 cl_input.o
                0x0000000000101d38                IN_JumpDown
 .text.IN_MLookDown
                0x0000000000101db8       0x80 cl_input.o
                0x0000000000101db8                IN_MLookDown
 .text.IN_SpeedDown
                0x0000000000101e38       0x80 cl_input.o
                0x0000000000101e38                IN_SpeedDown
 .text.IN_MoveleftDown
                0x0000000000101eb8       0x80 cl_input.o
                0x0000000000101eb8                IN_MoveleftDown
 .text.IN_MoverightDown
                0x0000000000101f38       0x80 cl_input.o
                0x0000000000101f38                IN_MoverightDown
 .text.IN_UseDown
                0x0000000000101fb8       0x80 cl_input.o
                0x0000000000101fb8                IN_UseDown
 .text.IN_AttackUp
                0x0000000000102038       0x94 cl_input.o
                0x0000000000102038                IN_AttackUp
 .text.IN_MoveleftUp
                0x00000000001020cc       0x94 cl_input.o
                0x00000000001020cc                IN_MoveleftUp
 .text.IN_UseUp
                0x0000000000102160       0x94 cl_input.o
                0x0000000000102160                IN_UseUp
 .text.IN_JumpUp
                0x00000000001021f4       0x94 cl_input.o
                0x00000000001021f4                IN_JumpUp
 .text.IN_SpeedUp
                0x0000000000102288       0x94 cl_input.o
                0x0000000000102288                IN_SpeedUp
 .text.IN_KLookUp
                0x000000000010231c       0x94 cl_input.o
                0x000000000010231c                IN_KLookUp
 .text.IN_StrafeUp
                0x00000000001023b0       0x94 cl_input.o
                0x00000000001023b0                IN_StrafeUp
 .text.IN_UpUp  0x0000000000102444       0x94 cl_input.o
                0x0000000000102444                IN_UpUp
 .text.IN_MoverightUp
                0x00000000001024d8       0x94 cl_input.o
                0x00000000001024d8                IN_MoverightUp
 .text.IN_BackUp
                0x000000000010256c       0x94 cl_input.o
                0x000000000010256c                IN_BackUp
 .text.IN_LookupUp
                0x0000000000102600       0x94 cl_input.o
                0x0000000000102600                IN_LookupUp
 .text.IN_ForwardUp
                0x0000000000102694       0x94 cl_input.o
                0x0000000000102694                IN_ForwardUp
 .text.IN_LookdownUp
                0x0000000000102728       0x94 cl_input.o
                0x0000000000102728                IN_LookdownUp
 .text.IN_LeftUp
                0x00000000001027bc       0x94 cl_input.o
                0x00000000001027bc                IN_LeftUp
 .text.IN_RightUp
                0x0000000000102850       0x94 cl_input.o
                0x0000000000102850                IN_RightUp
 .text.IN_DownUp
                0x00000000001028e4       0x94 cl_input.o
                0x00000000001028e4                IN_DownUp
 .text.IN_MLookUp
                0x0000000000102978       0xc8 cl_input.o
                0x0000000000102978                IN_MLookUp
 .text.CL_AdjustAngles
                0x0000000000102a40      0x614 cl_input.o
                0x0000000000102a40                CL_AdjustAngles
 .text.CL_BaseMove
                0x0000000000103054      0x640 cl_input.o
                0x0000000000103054                CL_BaseMove
 .text.CL_SendMove
                0x0000000000103694      0x160 cl_input.o
                0x0000000000103694                CL_SendMove
 .text.CL_InitInput
                0x00000000001037f4      0x2c4 cl_input.o
                0x00000000001037f4                CL_InitInput
 .text.CL_PrintEntities_f
                0x0000000000103ab8       0xec cl_main.o
                0x0000000000103ab8                CL_PrintEntities_f
 .text.CL_Disconnect_f
                0x0000000000103ba4      0x110 cl_main.o
                0x0000000000103ba4                CL_Disconnect_f
 .text.CL_ClearState
                0x0000000000103cb4       0xf0 cl_main.o
                0x0000000000103cb4                CL_ClearState
 .text.CL_Disconnect
                0x0000000000103da4       0xd8 cl_main.o
                0x0000000000103da4                CL_Disconnect
 .text.CL_EstablishConnection
                0x0000000000103e7c       0x84 cl_main.o
                0x0000000000103e7c                CL_EstablishConnection
 .text.CL_SignonReply
                0x0000000000103f00      0x14c cl_main.o
                0x0000000000103f00                CL_SignonReply
 .text.CL_NextDemo
                0x000000000010404c       0xc4 cl_main.o
                0x000000000010404c                CL_NextDemo
 .text.CL_AllocDlight
                0x0000000000104110       0xd0 cl_main.o
                0x0000000000104110                CL_AllocDlight
 .text.CL_DecayLights
                0x00000000001041e0       0x7c cl_main.o
                0x00000000001041e0                CL_DecayLights
 *fill*         0x000000000010425c        0x4 
 .text.CL_LerpPoint
                0x0000000000104260      0x108 cl_main.o
                0x0000000000104260                CL_LerpPoint
 .text.CL_RelinkEntities
                0x0000000000104368      0x6e0 cl_main.o
                0x0000000000104368                CL_RelinkEntities
 .text.CL_ReadFromServer
                0x0000000000104a48       0xb0 cl_main.o
                0x0000000000104a48                CL_ReadFromServer
 .text.CL_SendCmd
                0x0000000000104af8       0xe4 cl_main.o
                0x0000000000104af8                CL_SendCmd
 .text.CL_Init  0x0000000000104bdc      0x158 cl_main.o
                0x0000000000104bdc                CL_Init
 *fill*         0x0000000000104d34        0x4 
 .text.CL_ParseStartSoundPacket
                0x0000000000104d38      0x104 cl_parse.o
                0x0000000000104d38                CL_ParseStartSoundPacket
 .text.CL_KeepaliveMessage
                0x0000000000104e3c      0x148 cl_parse.o
                0x0000000000104e3c                CL_KeepaliveMessage
 .text.CL_ParseServerInfo
                0x0000000000104f84      0x274 cl_parse.o
                0x0000000000104f84                CL_ParseServerInfo
 .text.CL_ParseUpdate
                0x00000000001051f8      0x564 cl_parse.o
                0x00000000001051f8                CL_ParseUpdate
 .text.CL_ParseClientdata
                0x000000000010575c      0x2cc cl_parse.o
                0x000000000010575c                CL_ParseClientdata
 .text.CL_NewTranslation
                0x0000000000105a28      0x208 cl_parse.o
                0x0000000000105a28                CL_NewTranslation
 .text.CL_ParseStatic
                0x0000000000105c30      0x128 cl_parse.o
                0x0000000000105c30                CL_ParseStatic
 .text.CL_ParseServerMessage
                0x0000000000105d58      0x734 cl_parse.o
                0x0000000000105d58                CL_ParseServerMessage
 .text.CL_InitTEnts
                0x000000000010648c       0x98 cl_tent.o
                0x000000000010648c                CL_InitTEnts
 *fill*         0x0000000000106524        0x4 
 .text.CL_ParseBeam
                0x0000000000106528      0x134 cl_tent.o
                0x0000000000106528                CL_ParseBeam
 *fill*         0x000000000010665c        0x4 
 .text.CL_ParseTEnt
                0x0000000000106660      0x3e0 cl_tent.o
                0x0000000000106660                CL_ParseTEnt
 .text.CL_UpdateTEnts
                0x0000000000106a40      0x2c4 cl_tent.o
                0x0000000000106a40                CL_UpdateTEnts
 .text.Cmd_Wait_f
                0x0000000000106d04       0x14 cmd.o
                0x0000000000106d04                Cmd_Wait_f
 .text.Cmd_Echo_f
                0x0000000000106d18       0x64 cmd.o
                0x0000000000106d18                Cmd_Echo_f
 .text.Cmd_ForwardToServer
                0x0000000000106d7c       0xe0 cmd.o
                0x0000000000106d7c                Cmd_ForwardToServer
 .text.Cmd_Alias_f
                0x0000000000106e5c      0x1d4 cmd.o
                0x0000000000106e5c                Cmd_Alias_f
 .text.Cbuf_Init
                0x0000000000107030       0x10 cmd.o
                0x0000000000107030                Cbuf_Init
 .text.Cbuf_AddText
                0x0000000000107040       0x4c cmd.o
                0x0000000000107040                Cbuf_AddText
 .text.Cbuf_InsertText
                0x000000000010708c       0xb8 cmd.o
                0x000000000010708c                Cbuf_InsertText
 .text.Cmd_StuffCmds_f
                0x0000000000107144      0x20c cmd.o
                0x0000000000107144                Cmd_StuffCmds_f
 .text.Cmd_Exec_f
                0x0000000000107350       0x98 cmd.o
                0x0000000000107350                Cmd_Exec_f
 .text.Cmd_Argc
                0x00000000001073e8       0x10 cmd.o
                0x00000000001073e8                Cmd_Argc
 .text.Cmd_Argv
                0x00000000001073f8       0x24 cmd.o
                0x00000000001073f8                Cmd_Argv
 .text.Cmd_Args
                0x000000000010741c       0x10 cmd.o
                0x000000000010741c                Cmd_Args
 .text.Cmd_TokenizeString
                0x000000000010742c       0xe8 cmd.o
                0x000000000010742c                Cmd_TokenizeString
 .text.Cmd_AddCommand
                0x0000000000107514       0xbc cmd.o
                0x0000000000107514                Cmd_AddCommand
 .text.Cmd_Init
                0x00000000001075d0       0x80 cmd.o
                0x00000000001075d0                Cmd_Init
 .text.Cmd_Exists
                0x0000000000107650       0x50 cmd.o
                0x0000000000107650                Cmd_Exists
 .text.Cmd_CompleteCommand
                0x00000000001076a0       0x6c cmd.o
                0x00000000001076a0                Cmd_CompleteCommand
 .text.Cmd_ExecuteString
                0x000000000010770c       0xd0 cmd.o
                0x000000000010770c                Cmd_ExecuteString
 .text.Cbuf_Execute
                0x00000000001077dc      0x124 cmd.o
                0x00000000001077dc                Cbuf_Execute
 .text.ShortSwap
                0x0000000000107900        0x8 common.o
                0x0000000000107900                ShortSwap
 .text.ShortNoSwap
                0x0000000000107908        0x4 common.o
                0x0000000000107908                ShortNoSwap
 .text.LongSwap
                0x000000000010790c       0x20 common.o
                0x000000000010790c                LongSwap
 .text.LongNoSwap
                0x000000000010792c        0x4 common.o
                0x000000000010792c                LongNoSwap
 .text.FloatSwap
                0x0000000000107930       0x34 common.o
                0x0000000000107930                FloatSwap
 .text.FloatNoSwap
                0x0000000000107964        0x4 common.o
                0x0000000000107964                FloatNoSwap
 .text.COM_Path_f
                0x0000000000107968       0x80 common.o
                0x0000000000107968                COM_Path_f
 .text.ClearLink
                0x00000000001079e8        0xc common.o
                0x00000000001079e8                ClearLink
 .text.RemoveLink
                0x00000000001079f4       0x14 common.o
                0x00000000001079f4                RemoveLink
 .text.InsertLinkBefore
                0x0000000000107a08       0x1c common.o
                0x0000000000107a08                InsertLinkBefore
 .text.MSG_WriteChar
                0x0000000000107a24       0x8c common.o
                0x0000000000107a24                MSG_WriteChar
 .text.MSG_WriteByte
                0x0000000000107ab0       0x8c common.o
                0x0000000000107ab0                MSG_WriteByte
 .text.MSG_WriteShort
                0x0000000000107b3c       0x9c common.o
                0x0000000000107b3c                MSG_WriteShort
 .text.MSG_WriteLong
                0x0000000000107bd8       0x90 common.o
                0x0000000000107bd8                MSG_WriteLong
 .text.MSG_WriteFloat
                0x0000000000107c68       0xa4 common.o
                0x0000000000107c68                MSG_WriteFloat
 .text.MSG_WriteString
                0x0000000000107d0c      0x114 common.o
                0x0000000000107d0c                MSG_WriteString
 .text.MSG_WriteCoord
                0x0000000000107e20       0xac common.o
                0x0000000000107e20                MSG_WriteCoord
 .text.MSG_WriteAngle
                0x0000000000107ecc       0xb0 common.o
                0x0000000000107ecc                MSG_WriteAngle
 .text.MSG_BeginReading
                0x0000000000107f7c       0x18 common.o
                0x0000000000107f7c                MSG_BeginReading
 .text.MSG_ReadChar
                0x0000000000107f94       0x3c common.o
                0x0000000000107f94                MSG_ReadChar
 .text.MSG_ReadByte
                0x0000000000107fd0       0x3c common.o
                0x0000000000107fd0                MSG_ReadByte
 .text.MSG_ReadShort
                0x000000000010800c       0x58 common.o
                0x000000000010800c                MSG_ReadShort
 .text.MSG_ReadLong
                0x0000000000108064       0x64 common.o
                0x0000000000108064                MSG_ReadLong
 .text.MSG_ReadFloat
                0x00000000001080c8       0x38 common.o
                0x00000000001080c8                MSG_ReadFloat
 .text.MSG_ReadString
                0x0000000000108100       0x94 common.o
                0x0000000000108100                MSG_ReadString
 *fill*         0x0000000000108194        0x4 
 .text.MSG_ReadCoord
                0x0000000000108198       0x7c common.o
                0x0000000000108198                MSG_ReadCoord
 *fill*         0x0000000000108214        0x4 
 .text.MSG_ReadAngle
                0x0000000000108218       0x64 common.o
                0x0000000000108218                MSG_ReadAngle
 .text.SZ_Alloc
                0x000000000010827c       0x34 common.o
                0x000000000010827c                SZ_Alloc
 .text.SZ_Clear
                0x00000000001082b0        0xc common.o
                0x00000000001082b0                SZ_Clear
 .text.SZ_Write
                0x00000000001082bc       0xa0 common.o
                0x00000000001082bc                SZ_Write
 .text.SZ_Print
                0x000000000010835c      0x128 common.o
                0x000000000010835c                SZ_Print
 .text.COM_FileBase
                0x0000000000108484       0xb0 common.o
                0x0000000000108484                COM_FileBase
 .text.COM_DefaultExtension
                0x0000000000108534       0x50 common.o
                0x0000000000108534                COM_DefaultExtension
 .text.COM_Parse
                0x0000000000108584      0x1b4 common.o
                0x0000000000108584                COM_Parse
 .text.COM_CheckParm
                0x0000000000108738       0x58 common.o
                0x0000000000108738                COM_CheckParm
 .text.COM_InitArgv
                0x0000000000108790      0x220 common.o
                0x0000000000108790                COM_InitArgv
 .text.va       0x00000000001089b0       0x3c common.o
                0x00000000001089b0                va
 .text.COM_WriteFile
                0x00000000001089ec       0x88 common.o
                0x00000000001089ec                COM_WriteFile
 .text.COM_CopyFile
                0x0000000000108a74       0xec common.o
                0x0000000000108a74                COM_CopyFile
 .text.COM_FindFile
                0x0000000000108b60      0x2d8 common.o
                0x0000000000108b60                COM_FindFile
 .text.COM_FOpenFile
                0x0000000000108e38        0xc common.o
                0x0000000000108e38                COM_FOpenFile
 .text.COM_LoadFile
                0x0000000000108e44      0x160 common.o
                0x0000000000108e44                COM_LoadFile
 .text.COM_LoadHunkFile
                0x0000000000108fa4        0x8 common.o
                0x0000000000108fa4                COM_LoadHunkFile
 .text.COM_LoadCacheFile
                0x0000000000108fac       0x18 common.o
                0x0000000000108fac                COM_LoadCacheFile
 .text.COM_LoadStackFile
                0x0000000000108fc4       0x1c common.o
                0x0000000000108fc4                COM_LoadStackFile
 .text.COM_LoadPackFile
                0x0000000000108fe0      0x204 common.o
                0x0000000000108fe0                COM_LoadPackFile
 .text.COM_InitFilesystem
                0x00000000001091e4      0x60c common.o
                0x00000000001091e4                COM_InitFilesystem
 .text.COM_Init
                0x00000000001097f0      0x104 common.o
                0x00000000001097f0                COM_Init
 .text.Con_MessageMode_f
                0x00000000001098f4       0x24 console.o
                0x00000000001098f4                Con_MessageMode_f
 .text.Con_MessageMode2_f
                0x0000000000109918       0x24 console.o
                0x0000000000109918                Con_MessageMode2_f
 .text.Con_ToggleConsole_f
                0x000000000010993c       0x94 console.o
                0x000000000010993c                Con_ToggleConsole_f
 .text.Con_Clear_f
                0x00000000001099d0       0x20 console.o
                0x00000000001099d0                Con_Clear_f
 .text.Con_ClearNotify
                0x00000000001099f0       0x20 console.o
                0x00000000001099f0                Con_ClearNotify
 .text.Con_CheckResize
                0x0000000000109a10      0x164 console.o
                0x0000000000109a10                Con_CheckResize
 .text.Con_Print
                0x0000000000109b74      0x1c4 console.o
                0x0000000000109b74                Con_Print
 .text.Con_DebugLog
                0x0000000000109d38       0x78 console.o
                0x0000000000109d38                Con_DebugLog
 .text.Con_Printf
                0x0000000000109db0       0xec console.o
                0x0000000000109db0                Con_Printf
 .text.Con_Init
                0x0000000000109e9c       0xe0 console.o
                0x0000000000109e9c                Con_Init
 .text.Con_DPrintf
                0x0000000000109f7c       0x6c console.o
                0x0000000000109f7c                Con_DPrintf
 .text.Con_DrawInput
                0x0000000000109fe8      0x118 console.o
                0x0000000000109fe8                Con_DrawInput
 .text.Con_DrawNotify
                0x000000000010a100      0x1cc console.o
                0x000000000010a100                Con_DrawNotify
 .text.Con_DrawConsole
                0x000000000010a2cc       0xb4 console.o
                0x000000000010a2cc                Con_DrawConsole
 .text.CRC_Init
                0x000000000010a380        0xc crc.o
                0x000000000010a380                CRC_Init
 .text.CRC_ProcessByte
                0x000000000010a38c       0x24 crc.o
                0x000000000010a38c                CRC_ProcessByte
 .text.Cvar_FindVar
                0x000000000010a3b0       0x48 cvar.o
                0x000000000010a3b0                Cvar_FindVar
 .text.Cvar_VariableValue
                0x000000000010a3f8       0x5c cvar.o
                0x000000000010a3f8                Cvar_VariableValue
 .text.Cvar_VariableString
                0x000000000010a454       0x58 cvar.o
                0x000000000010a454                Cvar_VariableString
 .text.Cvar_CompleteVariable
                0x000000000010a4ac       0x6c cvar.o
                0x000000000010a4ac                Cvar_CompleteVariable
 .text.Cvar_Set
                0x000000000010a518       0xdc cvar.o
                0x000000000010a518                Cvar_Set
 .text.Cvar_SetValue
                0x000000000010a5f4       0x38 cvar.o
                0x000000000010a5f4                Cvar_SetValue
 .text.Cvar_RegisterVariable
                0x000000000010a62c       0xd0 cvar.o
                0x000000000010a62c                Cvar_RegisterVariable
 .text.Cvar_Command
                0x000000000010a6fc       0x98 cvar.o
                0x000000000010a6fc                Cvar_Command
 .text.Cvar_WriteVariables
                0x000000000010a794       0x68 cvar.o
                0x000000000010a794                Cvar_WriteVariables
 .text.Host_FindMaxClients
                0x000000000010a7fc      0x198 host.o
                0x000000000010a7fc                Host_FindMaxClients
 .text.Host_InitLocal
                0x000000000010a994       0xa8 host.o
                0x000000000010a994                Host_InitLocal
 .text.SV_ClientPrintf
                0x000000000010aa3c       0x64 host.o
                0x000000000010aa3c                SV_ClientPrintf
 .text.SV_BroadcastPrintf
                0x000000000010aaa0       0xc4 host.o
                0x000000000010aaa0                SV_BroadcastPrintf
 .text.Host_ClientCommands
                0x000000000010ab64       0x64 host.o
                0x000000000010ab64                Host_ClientCommands
 .text.SV_DropClient
                0x000000000010abc8      0x218 host.o
                0x000000000010abc8                SV_DropClient
 .text.Host_ShutdownServer.part.0
                0x000000000010ade0      0x220 host.o
 .text.Host_EndGame
                0x000000000010b000       0xa4 host.o
                0x000000000010b000                Host_EndGame
 .text.Host_Error
                0x000000000010b0a4       0xd0 host.o
                0x000000000010b0a4                Host_Error
 .text.Host_ShutdownServer
                0x000000000010b174       0x18 host.o
                0x000000000010b174                Host_ShutdownServer
 .text.Host_ClearMemory
                0x000000000010b18c       0x74 host.o
                0x000000000010b18c                Host_ClearMemory
 .text.Host_FilterTime
                0x000000000010b200       0xc4 host.o
                0x000000000010b200                Host_FilterTime
 *fill*         0x000000000010b2c4        0x4 
 .text._Host_Frame
                0x000000000010b2c8      0x298 host.o
                0x000000000010b2c8                _Host_Frame
 .text.Host_Frame
                0x000000000010b560      0x108 host.o
                0x000000000010b560                Host_Frame
 .text.Host_InitVCR
                0x000000000010b668      0x28c host.o
                0x000000000010b668                Host_InitVCR
 *fill*         0x000000000010b8f4        0x4 
 .text.Host_Init
                0x000000000010b8f8      0x21c host.o
                0x000000000010b8f8                Host_Init
 .text.Host_Shutdown
                0x000000000010bb14       0xd8 host.o
                0x000000000010bb14                Host_Shutdown
 .text.Host_Quit_f
                0x000000000010bbec       0x44 host_cmd.o
                0x000000000010bbec                Host_Quit_f
 .text.Host_Version_f
                0x000000000010bc30       0x30 host_cmd.o
                0x000000000010bc30                Host_Version_f
 .text.Host_Begin_f
                0x000000000010bc60       0x38 host_cmd.o
                0x000000000010bc60                Host_Begin_f
 .text.Host_God_f
                0x000000000010bc98       0x9c host_cmd.o
                0x000000000010bc98                Host_God_f
 .text.Host_Notarget_f
                0x000000000010bd34       0x9c host_cmd.o
                0x000000000010bd34                Host_Notarget_f
 .text.Host_Noclip_f
                0x000000000010bdd0       0xb4 host_cmd.o
                0x000000000010bdd0                Host_Noclip_f
 .text.Host_Fly_f
                0x000000000010be84       0x98 host_cmd.o
                0x000000000010be84                Host_Fly_f
 .text.Host_Ping_f
                0x000000000010bf1c      0x140 host_cmd.o
                0x000000000010bf1c                Host_Ping_f
 .text.Host_Status_f
                0x000000000010c05c      0x21c host_cmd.o
                0x000000000010c05c                Host_Status_f
 .text.Host_Reconnect_f
                0x000000000010c278       0x1c host_cmd.o
                0x000000000010c278                Host_Reconnect_f
 .text.Host_Map_f
                0x000000000010c294      0x174 host_cmd.o
                0x000000000010c294                Host_Map_f
 .text.Host_Connect_f
                0x000000000010c408       0x60 host_cmd.o
                0x000000000010c408                Host_Connect_f
 .text.Host_Loadgame_f
                0x000000000010c468      0x4b8 host_cmd.o
                0x000000000010c468                Host_Loadgame_f
 .text.Host_Name_f
                0x000000000010c920      0x1a0 host_cmd.o
                0x000000000010c920                Host_Name_f
 .text.Host_Color_f
                0x000000000010cac0      0x164 host_cmd.o
                0x000000000010cac0                Host_Color_f
 .text.Host_Kill_f
                0x000000000010cc24       0x74 host_cmd.o
                0x000000000010cc24                Host_Kill_f
 .text.Host_PreSpawn_f
                0x000000000010cc98       0x94 host_cmd.o
                0x000000000010cc98                Host_PreSpawn_f
 .text.Host_Spawn_f
                0x000000000010cd2c      0x4cc host_cmd.o
                0x000000000010cd2c                Host_Spawn_f
 .text.Host_Kick_f
                0x000000000010d1f8      0x270 host_cmd.o
                0x000000000010d1f8                Host_Kick_f
 .text.Host_Restart_f
                0x000000000010d468       0x60 host_cmd.o
                0x000000000010d468                Host_Restart_f
 .text.Host_Changelevel_f
                0x000000000010d4c8       0x80 host_cmd.o
                0x000000000010d4c8                Host_Changelevel_f
 .text.Host_Stopdemo_f
                0x000000000010d548       0x30 host_cmd.o
                0x000000000010d548                Host_Stopdemo_f
 .text.Host_Tell_f
                0x000000000010d578      0x174 host_cmd.o
                0x000000000010d578                Host_Tell_f
 .text.Host_Pause_f
                0x000000000010d6ec       0xac host_cmd.o
                0x000000000010d6ec                Host_Pause_f
 .text.Host_Give_f
                0x000000000010d798      0x540 host_cmd.o
                0x000000000010d798                Host_Give_f
 .text.Host_Startdemos_f
                0x000000000010dcd8       0xf4 host_cmd.o
                0x000000000010dcd8                Host_Startdemos_f
 .text.Host_Demos_f
                0x000000000010ddcc       0x34 host_cmd.o
                0x000000000010ddcc                Host_Demos_f
 .text.Host_Viewframe_f
                0x000000000010de00       0xbc host_cmd.o
                0x000000000010de00                Host_Viewframe_f
 .text.Host_Viewmodel_f
                0x000000000010debc       0xd4 host_cmd.o
                0x000000000010debc                Host_Viewmodel_f
 .text.Host_Viewprev_f
                0x000000000010df90       0xe8 host_cmd.o
                0x000000000010df90                Host_Viewprev_f
 .text.Host_Viewnext_f
                0x000000000010e078      0x10c host_cmd.o
                0x000000000010e078                Host_Viewnext_f
 .text.Host_SavegameComment
                0x000000000010e184       0x98 host_cmd.o
                0x000000000010e184                Host_SavegameComment
 .text.Host_Savegame_f
                0x000000000010e21c      0x2f0 host_cmd.o
                0x000000000010e21c                Host_Savegame_f
 .text.Host_Say
                0x000000000010e50c      0x244 host_cmd.o
                0x000000000010e50c                Host_Say
 .text.Host_Say_f
                0x000000000010e750        0x8 host_cmd.o
                0x000000000010e750                Host_Say_f
 .text.Host_Say_Team_f
                0x000000000010e758        0x8 host_cmd.o
                0x000000000010e758                Host_Say_Team_f
 .text.Host_InitCommands
                0x000000000010e760      0x2c4 host_cmd.o
                0x000000000010e760                Host_InitCommands
 .text.Key_Unbindall_f
                0x000000000010ea24       0x44 keys.o
                0x000000000010ea24                Key_Unbindall_f
 .text.Key_Unbind_f
                0x000000000010ea68       0xdc keys.o
                0x000000000010ea68                Key_Unbind_f
 .text.Key_Bind_f
                0x000000000010eb44      0x198 keys.o
                0x000000000010eb44                Key_Bind_f
 .text.Key_Console
                0x000000000010ecdc      0x374 keys.o
                0x000000000010ecdc                Key_Console
 .text.Key_Message
                0x000000000010f050       0xdc keys.o
                0x000000000010f050                Key_Message
 .text.Key_KeynumToString
                0x000000000010f12c       0x8c keys.o
                0x000000000010f12c                Key_KeynumToString
 .text.Key_SetBinding
                0x000000000010f1b8       0x74 keys.o
                0x000000000010f1b8                Key_SetBinding
 .text.Key_WriteBindings
                0x000000000010f22c       0xc0 keys.o
                0x000000000010f22c                Key_WriteBindings
 .text.Key_Init
                0x000000000010f2ec      0x1c0 keys.o
                0x000000000010f2ec                Key_Init
 .text.Key_Event
                0x000000000010f4ac      0x31c keys.o
                0x000000000010f4ac                Key_Event
 .text.anglemod
                0x000000000010f7c8       0x40 mathlib.o
                0x000000000010f7c8                anglemod
 .text.BoxOnPlaneSide
                0x000000000010f808      0x178 mathlib.o
                0x000000000010f808                BoxOnPlaneSide
 .text.AngleVectors
                0x000000000010f980      0x120 mathlib.o
                0x000000000010f980                AngleVectors
 .text.VectorMA
                0x000000000010faa0       0x34 mathlib.o
                0x000000000010faa0                VectorMA
 .text.CrossProduct
                0x000000000010fad4       0x58 mathlib.o
                0x000000000010fad4                CrossProduct
 .text.Length   0x000000000010fb2c       0x28 mathlib.o
                0x000000000010fb2c                Length
 .text.VectorNormalize
                0x000000000010fb54       0x58 mathlib.o
                0x000000000010fb54                VectorNormalize
 .text.VectorInverse
                0x000000000010fbac       0x28 mathlib.o
                0x000000000010fbac                VectorInverse
 .text.VectorScale
                0x000000000010fbd4       0x28 mathlib.o
                0x000000000010fbd4                VectorScale
 .text.R_ConcatRotations
                0x000000000010fbfc      0x16c mathlib.o
                0x000000000010fbfc                R_ConcatRotations
 .text.R_ConcatTransforms
                0x000000000010fd68      0x1fc mathlib.o
                0x000000000010fd68                R_ConcatTransforms
 .text.FloorDivMod
                0x000000000010ff64       0xd0 mathlib.o
                0x000000000010ff64                FloorDivMod
 .text.GreatestCommonDivisor
                0x0000000000110034       0x60 mathlib.o
                0x0000000000110034                GreatestCommonDivisor
 .text.M_Menu_Main_f
                0x0000000000110094       0x4c menu.o
                0x0000000000110094                M_Menu_Main_f
 .text.M_Menu_SinglePlayer_f
                0x00000000001100e0       0x2c menu.o
                0x00000000001100e0                M_Menu_SinglePlayer_f
 .text.M_Menu_MultiPlayer_f
                0x000000000011010c       0x2c menu.o
                0x000000000011010c                M_Menu_MultiPlayer_f
 .text.M_Menu_Options_f
                0x0000000000110138       0x2c menu.o
                0x0000000000110138                M_Menu_Options_f
 .text.M_Menu_Keys_f
                0x0000000000110164       0x2c menu.o
                0x0000000000110164                M_Menu_Keys_f
 .text.M_Menu_Video_f
                0x0000000000110190       0x2c menu.o
                0x0000000000110190                M_Menu_Video_f
 .text.M_Menu_Help_f
                0x00000000001101bc       0x38 menu.o
                0x00000000001101bc                M_Menu_Help_f
 .text.M_Menu_Setup_f
                0x00000000001101f4       0x80 menu.o
                0x00000000001101f4                M_Menu_Setup_f
 .text.M_Menu_Quit_f
                0x0000000000110274       0x60 menu.o
                0x0000000000110274                M_Menu_Quit_f
 .text.M_ToggleMenu_f
                0x00000000001102d4       0x70 menu.o
                0x00000000001102d4                M_ToggleMenu_f
 .text.M_DrawTextBox.constprop.0
                0x0000000000110344      0x258 menu.o
 .text.M_DrawTextBox.constprop.1
                0x000000000011059c      0x1d0 menu.o
 .text.M_DrawPic
                0x000000000011076c       0x18 menu.o
                0x000000000011076c                M_DrawPic
 .text.M_BuildTranslationTable
                0x0000000000110784      0x1a4 menu.o
                0x0000000000110784                M_BuildTranslationTable
 .text.M_Main_Draw
                0x0000000000110928      0x118 menu.o
                0x0000000000110928                M_Main_Draw
 .text.M_Main_Key
                0x0000000000110a40      0x1a8 menu.o
                0x0000000000110a40                M_Main_Key
 .text.M_SinglePlayer_Draw
                0x0000000000110be8      0x118 menu.o
                0x0000000000110be8                M_SinglePlayer_Draw
 .text.M_ScanSaves
                0x0000000000110d00      0x114 menu.o
                0x0000000000110d00                M_ScanSaves
 .text.M_Menu_Load_f
                0x0000000000110e14       0x28 menu.o
                0x0000000000110e14                M_Menu_Load_f
 .text.M_Menu_Save_f
                0x0000000000110e3c       0x64 menu.o
                0x0000000000110e3c                M_Menu_Save_f
 .text.M_SinglePlayer_Key
                0x0000000000110ea0      0x1c4 menu.o
                0x0000000000110ea0                M_SinglePlayer_Key
 *fill*         0x0000000000111064        0x4 
 .text.M_Load_Draw
                0x0000000000111068       0xf4 menu.o
                0x0000000000111068                M_Load_Draw
 *fill*         0x000000000011115c        0x4 
 .text.M_Save_Draw
                0x0000000000111160       0xf4 menu.o
                0x0000000000111160                M_Save_Draw
 .text.M_Load_Key
                0x0000000000111254      0x108 menu.o
                0x0000000000111254                M_Load_Key
 .text.M_Save_Key
                0x000000000011135c       0xe4 menu.o
                0x000000000011135c                M_Save_Key
 .text.M_MultiPlayer_Draw
                0x0000000000111440      0x180 menu.o
                0x0000000000111440                M_MultiPlayer_Draw
 .text.M_Setup_Draw
                0x00000000001115c0      0x3b8 menu.o
                0x00000000001115c0                M_Setup_Draw
 .text.M_Setup_Key
                0x0000000000111978      0x3f4 menu.o
                0x0000000000111978                M_Setup_Key
 .text.M_Menu_Net_f
                0x0000000000111d6c       0xe0 menu.o
                0x0000000000111d6c                M_Menu_Net_f
 .text.M_MultiPlayer_Key
                0x0000000000111e4c      0x188 menu.o
                0x0000000000111e4c                M_MultiPlayer_Key
 *fill*         0x0000000000111fd4        0x4 
 .text.M_Net_Draw
                0x0000000000111fd8      0x368 menu.o
                0x0000000000111fd8                M_Net_Draw
 .text.M_AdjustSliders
                0x0000000000112340      0x3a4 menu.o
                0x0000000000112340                M_AdjustSliders
 .text.M_DrawSlider
                0x00000000001126e4       0xdc menu.o
                0x00000000001126e4                M_DrawSlider
 .text.M_Options_Draw
                0x00000000001127c0      0x7cc menu.o
                0x00000000001127c0                M_Options_Draw
 .text.M_Options_Key
                0x0000000000112f8c      0x154 menu.o
                0x0000000000112f8c                M_Options_Key
 .text.M_Keys_Draw
                0x00000000001130e0      0x338 menu.o
                0x00000000001130e0                M_Keys_Draw
 .text.M_Keys_Key
                0x0000000000113418      0x2d0 menu.o
                0x0000000000113418                M_Keys_Key
 .text.M_Help_Key
                0x00000000001136e8       0xc0 menu.o
                0x00000000001136e8                M_Help_Key
 .text.M_Menu_SerialConfig_f
                0x00000000001137a8      0x140 menu.o
                0x00000000001137a8                M_Menu_SerialConfig_f
 .text.M_Net_Key
                0x00000000001138e8      0x214 menu.o
                0x00000000001138e8                M_Net_Key
 *fill*         0x0000000000113afc        0x4 
 .text.M_SerialConfig_Draw
                0x0000000000113b00      0x560 menu.o
                0x0000000000113b00                M_SerialConfig_Draw
 .text.M_SerialConfig_Key
                0x0000000000114060      0x534 menu.o
                0x0000000000114060                M_SerialConfig_Key
 *fill*         0x0000000000114594        0x4 
 .text.M_ModemConfig_Draw
                0x0000000000114598      0x49c menu.o
                0x0000000000114598                M_ModemConfig_Draw
 .text.M_ModemConfig_Key
                0x0000000000114a34      0x298 menu.o
                0x0000000000114a34                M_ModemConfig_Key
 *fill*         0x0000000000114ccc        0x4 
 .text.M_LanConfig_Draw
                0x0000000000114cd0      0x4d4 menu.o
                0x0000000000114cd0                M_LanConfig_Draw
 .text.M_LanConfig_Key
                0x00000000001151a4      0x380 menu.o
                0x00000000001151a4                M_LanConfig_Key
 *fill*         0x0000000000115524        0x4 
 .text.M_GameOptions_Draw
                0x0000000000115528      0xb54 menu.o
                0x0000000000115528                M_GameOptions_Draw
 .text.M_NetStart_Change
                0x000000000011607c      0x3c0 menu.o
                0x000000000011607c                M_NetStart_Change
 .text.M_GameOptions_Key
                0x000000000011643c      0x204 menu.o
                0x000000000011643c                M_GameOptions_Key
 .text.M_Search_Draw
                0x0000000000116640      0x228 menu.o
                0x0000000000116640                M_Search_Draw
 .text.M_ServerList_Draw
                0x0000000000116868      0x264 menu.o
                0x0000000000116868                M_ServerList_Draw
 .text.M_ServerList_Key
                0x0000000000116acc      0x204 menu.o
                0x0000000000116acc                M_ServerList_Key
 .text.M_Init   0x0000000000116cd0       0xf8 menu.o
                0x0000000000116cd0                M_Init
 .text.M_Draw   0x0000000000116dc8      0x1dc menu.o
                0x0000000000116dc8                M_Draw
 .text.M_Quit_Draw
                0x0000000000116fa4      0x184 menu.o
                0x0000000000116fa4                M_Quit_Draw
 .text.M_Keydown
                0x0000000000117128      0x124 menu.o
                0x0000000000117128                M_Keydown
 .text.NET_Ban_f
                0x000000000011724c      0x198 net_dgrm.o
                0x000000000011724c                NET_Ban_f
 *fill*         0x00000000001173e4        0x4 
 .text.Test_Poll
                0x00000000001173e8      0x1a4 net_dgrm.o
 *fill*         0x000000000011758c        0x4 
 .text.Test_f   0x0000000000117590      0x23c net_dgrm.o
 *fill*         0x00000000001177cc        0x4 
 .text.Test2_Poll
                0x00000000001177d0      0x1c4 net_dgrm.o
 *fill*         0x0000000000117994        0x4 
 .text.Test2_f  0x0000000000117998      0x218 net_dgrm.o
 .text.NET_Stats_f
                0x0000000000117bb0      0x280 net_dgrm.o
                0x0000000000117bb0                NET_Stats_f
 .text.Datagram_SendMessage
                0x0000000000117e30      0x158 net_dgrm.o
                0x0000000000117e30                Datagram_SendMessage
 .text.SendMessageNext
                0x0000000000117f88       0xe4 net_dgrm.o
                0x0000000000117f88                SendMessageNext
 .text.ReSendMessage
                0x000000000011806c       0xdc net_dgrm.o
                0x000000000011806c                ReSendMessage
 .text.Datagram_CanSendMessage
                0x0000000000118148       0x28 net_dgrm.o
                0x0000000000118148                Datagram_CanSendMessage
 .text.Datagram_CanSendUnreliableMessage
                0x0000000000118170        0x8 net_dgrm.o
                0x0000000000118170                Datagram_CanSendUnreliableMessage
 .text.Datagram_SendUnreliableMessage
                0x0000000000118178       0xec net_dgrm.o
                0x0000000000118178                Datagram_SendUnreliableMessage
 *fill*         0x0000000000118264        0x4 
 .text.Datagram_GetMessage
                0x0000000000118268      0x40c net_dgrm.o
                0x0000000000118268                Datagram_GetMessage
 .text.Datagram_Init
                0x0000000000118674       0xf0 net_dgrm.o
                0x0000000000118674                Datagram_Init
 .text.Datagram_Shutdown
                0x0000000000118764       0x74 net_dgrm.o
                0x0000000000118764                Datagram_Shutdown
 .text.Datagram_Close
                0x00000000001187d8       0x24 net_dgrm.o
                0x00000000001187d8                Datagram_Close
 .text.Datagram_Listen
                0x00000000001187fc       0x74 net_dgrm.o
                0x00000000001187fc                Datagram_Listen
 .text.Datagram_CheckNewConnections
                0x0000000000118870      0x79c net_dgrm.o
                0x0000000000118870                Datagram_CheckNewConnections
 .text.Datagram_SearchForHosts
                0x000000000011900c      0x4c8 net_dgrm.o
                0x000000000011900c                Datagram_SearchForHosts
 *fill*         0x00000000001194d4        0x4 
 .text.Datagram_Connect
                0x00000000001194d8      0x5f0 net_dgrm.o
                0x00000000001194d8                Datagram_Connect
 .text.Loop_Init
                0x0000000000119ac8       0x1c net_loop.o
                0x0000000000119ac8                Loop_Init
 .text.Loop_Shutdown
                0x0000000000119ae4        0x4 net_loop.o
                0x0000000000119ae4                Loop_Shutdown
 .text.Loop_Listen
                0x0000000000119ae8        0x4 net_loop.o
                0x0000000000119ae8                Loop_Listen
 .text.Loop_SearchForHosts
                0x0000000000119aec       0xd4 net_loop.o
                0x0000000000119aec                Loop_SearchForHosts
 .text.Loop_Connect
                0x0000000000119bc0      0x108 net_loop.o
                0x0000000000119bc0                Loop_Connect
 .text.Loop_CheckNewConnections
                0x0000000000119cc8       0x50 net_loop.o
                0x0000000000119cc8                Loop_CheckNewConnections
 .text.Loop_GetMessage
                0x0000000000119d18       0xb0 net_loop.o
                0x0000000000119d18                Loop_GetMessage
 .text.Loop_SendMessage
                0x0000000000119dc8       0xb8 net_loop.o
                0x0000000000119dc8                Loop_SendMessage
 .text.Loop_SendUnreliableMessage
                0x0000000000119e80       0x98 net_loop.o
                0x0000000000119e80                Loop_SendUnreliableMessage
 .text.Loop_CanSendMessage
                0x0000000000119f18       0x14 net_loop.o
                0x0000000000119f18                Loop_CanSendMessage
 .text.Loop_CanSendUnreliableMessage
                0x0000000000119f2c        0x8 net_loop.o
                0x0000000000119f2c                Loop_CanSendUnreliableMessage
 .text.Loop_Close
                0x0000000000119f34       0x48 net_loop.o
                0x0000000000119f34                Loop_Close
 .text.NET_Listen_f
                0x0000000000119f7c       0xc4 net_main.o
 .text.NET_Port_f
                0x000000000011a040       0x98 net_main.o
 .text.MaxPlayers_f
                0x000000000011a0d8      0x118 net_main.o
 .text.NET_Slist_f
                0x000000000011a1f0      0x16c net_main.o
                0x000000000011a1f0                NET_Slist_f
 *fill*         0x000000000011a35c        0x4 
 .text.Slist_Send
                0x000000000011a360      0x134 net_main.o
 *fill*         0x000000000011a494        0x4 
 .text.Slist_Poll
                0x000000000011a498      0x210 net_main.o
 .text.SetNetTime
                0x000000000011a6a8       0x18 net_main.o
                0x000000000011a6a8                SetNetTime
 .text.NET_NewQSocket
                0x000000000011a6c0       0xc8 net_main.o
                0x000000000011a6c0                NET_NewQSocket
 .text.NET_FreeQSocket
                0x000000000011a788       0x74 net_main.o
                0x000000000011a788                NET_FreeQSocket
 .text.NET_CheckNewConnections
                0x000000000011a7fc      0x140 net_main.o
                0x000000000011a7fc                NET_CheckNewConnections
 .text.NET_Close
                0x000000000011a93c       0xac net_main.o
                0x000000000011a93c                NET_Close
 .text.NET_GetMessage
                0x000000000011a9e8      0x21c net_main.o
                0x000000000011a9e8                NET_GetMessage
 .text.NET_SendMessage
                0x000000000011ac04       0xe4 net_main.o
                0x000000000011ac04                NET_SendMessage
 .text.NET_SendUnreliableMessage
                0x000000000011ace8       0xe4 net_main.o
                0x000000000011ace8                NET_SendUnreliableMessage
 .text.NET_CanSendMessage
                0x000000000011adcc       0xa4 net_main.o
                0x000000000011adcc                NET_CanSendMessage
 .text.NET_SendToAll
                0x000000000011ae70      0x304 net_main.o
                0x000000000011ae70                NET_SendToAll
 .text.NET_Init
                0x000000000011b174      0x368 net_main.o
                0x000000000011b174                NET_Init
 .text.NET_Shutdown
                0x000000000011b4dc      0x178 net_main.o
                0x000000000011b4dc                NET_Shutdown
 .text.NET_Poll
                0x000000000011b654      0x100 net_main.o
                0x000000000011b654                NET_Poll
 *fill*         0x000000000011b754        0x4 
 .text.NET_Connect
                0x000000000011b758      0x3f4 net_main.o
                0x000000000011b758                NET_Connect
 .text.SchedulePollProcedure
                0x000000000011bb4c       0x90 net_main.o
                0x000000000011bb4c                SchedulePollProcedure
 .text.VCR_Shutdown
                0x000000000011bbdc        0x4 net_vcr.o
                0x000000000011bbdc                VCR_Shutdown
 .text.VCR_Close
                0x000000000011bbe0        0x4 net_vcr.o
                0x000000000011bbe0                VCR_Close
 .text.VCR_Connect
                0x000000000011bbe4        0x8 net_vcr.o
                0x000000000011bbe4                VCR_Connect
 .text.VCR_Init
                0x000000000011bbec       0x9c net_vcr.o
                0x000000000011bbec                VCR_Init
 .text.VCR_SearchForHosts
                0x000000000011bc88        0x4 net_vcr.o
                0x000000000011bc88                VCR_SearchForHosts
 .text.VCR_SendMessage
                0x000000000011bc8c       0xd4 net_vcr.o
                0x000000000011bc8c                VCR_SendMessage
 .text.VCR_CanSendMessage
                0x000000000011bd60       0xd4 net_vcr.o
                0x000000000011bd60                VCR_CanSendMessage
 .text.VCR_GetMessage
                0x000000000011be34      0x174 net_vcr.o
                0x000000000011be34                VCR_GetMessage
 .text.VCR_CheckNewConnections
                0x000000000011bfa8      0x134 net_vcr.o
                0x000000000011bfa8                VCR_CheckNewConnections
 .text.PF_fabs  0x000000000011c0dc       0x1c pr_cmds.o
                0x000000000011c0dc                PF_fabs
 .text.PF_precache_file
                0x000000000011c0f8       0x18 pr_cmds.o
                0x000000000011c0f8                PF_precache_file
 .text.PF_traceon
                0x000000000011c110       0x14 pr_cmds.o
                0x000000000011c110                PF_traceon
 .text.PF_traceoff
                0x000000000011c124       0x14 pr_cmds.o
                0x000000000011c124                PF_traceoff
 .text.PF_rint  0x000000000011c138       0x44 pr_cmds.o
                0x000000000011c138                PF_rint
 .text.PF_break
                0x000000000011c17c       0x20 pr_cmds.o
                0x000000000011c17c                PF_break
 .text.PF_Remove
                0x000000000011c19c       0x24 pr_cmds.o
                0x000000000011c19c                PF_Remove
 .text.PF_makevectors
                0x000000000011c1c0       0x2c pr_cmds.o
                0x000000000011c1c0                PF_makevectors
 .text.PF_setorigin
                0x000000000011c1ec       0x40 pr_cmds.o
                0x000000000011c1ec                PF_setorigin
 .text.PF_Fixme
                0x000000000011c22c        0xc pr_cmds.o
                0x000000000011c22c                PF_Fixme
 .text.PF_precache_sound
                0x000000000011c238       0xbc pr_cmds.o
                0x000000000011c238                PF_precache_sound
 .text.PF_setspawnparms
                0x000000000011c2f4      0x108 pr_cmds.o
                0x000000000011c2f4                PF_setspawnparms
 .text.PF_lightstyle
                0x000000000011c3fc       0xc8 pr_cmds.o
                0x000000000011c3fc                PF_lightstyle
 .text.PF_normalize
                0x000000000011c4c4       0x68 pr_cmds.o
                0x000000000011c4c4                PF_normalize
 .text.PF_vlen  0x000000000011c52c       0x38 pr_cmds.o
                0x000000000011c52c                PF_vlen
 *fill*         0x000000000011c564        0x4 
 .text.PF_vectoyaw
                0x000000000011c568       0x78 pr_cmds.o
                0x000000000011c568                PF_vectoyaw
 .text.PF_vectoangles
                0x000000000011c5e0       0xf0 pr_cmds.o
                0x000000000011c5e0                PF_vectoangles
 .text.PF_random
                0x000000000011c6d0       0x38 pr_cmds.o
                0x000000000011c6d0                PF_random
 .text.PF_particle
                0x000000000011c708       0x30 pr_cmds.o
                0x000000000011c708                PF_particle
 .text.PF_ambientsound
                0x000000000011c738      0x10c pr_cmds.o
                0x000000000011c738                PF_ambientsound
 .text.PF_sound
                0x000000000011c844      0x100 pr_cmds.o
                0x000000000011c844                PF_sound
 .text.PF_traceline
                0x000000000011c944      0x100 pr_cmds.o
                0x000000000011c944                PF_traceline
 .text.PF_droptofloor
                0x000000000011ca44      0x120 pr_cmds.o
                0x000000000011ca44                PF_droptofloor
 .text.PF_Find  0x000000000011cb64       0xe0 pr_cmds.o
                0x000000000011cb64                PF_Find
 .text.PF_nextent
                0x000000000011cc44       0x78 pr_cmds.o
                0x000000000011cc44                PF_nextent
 .text.PF_stuffcmd
                0x000000000011ccbc       0xa8 pr_cmds.o
                0x000000000011ccbc                PF_stuffcmd
 .text.PF_localcmd
                0x000000000011cd64       0x24 pr_cmds.o
                0x000000000011cd64                PF_localcmd
 .text.PF_cvar  0x000000000011cd88       0x30 pr_cmds.o
                0x000000000011cd88                PF_cvar
 .text.PF_cvar_set
                0x000000000011cdb8       0x2c pr_cmds.o
                0x000000000011cdb8                PF_cvar_set
 *fill*         0x000000000011cde4        0x4 
 .text.PF_findradius
                0x000000000011cde8      0x16c pr_cmds.o
                0x000000000011cde8                PF_findradius
 .text.PF_ftos  0x000000000011cf54       0x7c pr_cmds.o
                0x000000000011cf54                PF_ftos
 .text.PF_vtos  0x000000000011cfd0       0x70 pr_cmds.o
                0x000000000011cfd0                PF_vtos
 .text.PF_Spawn
                0x000000000011d040       0x2c pr_cmds.o
                0x000000000011d040                PF_Spawn
 .text.PF_precache_model
                0x000000000011d06c       0xd0 pr_cmds.o
                0x000000000011d06c                PF_precache_model
 .text.PF_coredump
                0x000000000011d13c        0x4 pr_cmds.o
                0x000000000011d13c                PF_coredump
 .text.PF_eprint
                0x000000000011d140       0x30 pr_cmds.o
                0x000000000011d140                PF_eprint
 .text.PF_walkmove
                0x000000000011d170      0x104 pr_cmds.o
                0x000000000011d170                PF_walkmove
 .text.PF_floor
                0x000000000011d274       0x28 pr_cmds.o
                0x000000000011d274                PF_floor
 .text.PF_ceil  0x000000000011d29c       0x28 pr_cmds.o
                0x000000000011d29c                PF_ceil
 .text.PF_checkbottom
                0x000000000011d2c4       0x3c pr_cmds.o
                0x000000000011d2c4                PF_checkbottom
 .text.PF_pointcontents
                0x000000000011d300       0x2c pr_cmds.o
                0x000000000011d300                PF_pointcontents
 *fill*         0x000000000011d32c        0x4 
 .text.PF_aim   0x000000000011d330      0x3e8 pr_cmds.o
                0x000000000011d330                PF_aim
 .text.PF_changeyaw
                0x000000000011d718       0xd4 pr_cmds.o
                0x000000000011d718                PF_changeyaw
 .text.PF_makestatic
                0x000000000011d7ec       0xd0 pr_cmds.o
                0x000000000011d7ec                PF_makestatic
 .text.PF_changelevel
                0x000000000011d8bc       0x54 pr_cmds.o
                0x000000000011d8bc                PF_changelevel
 .text.PF_bprint
                0x000000000011d910       0x84 pr_cmds.o
                0x000000000011d910                PF_bprint
 .text.PF_dprint
                0x000000000011d994       0x84 pr_cmds.o
                0x000000000011d994                PF_dprint
 .text.PF_setsize
                0x000000000011da18       0xf8 pr_cmds.o
                0x000000000011da18                PF_setsize
 .text.PF_error
                0x000000000011db10       0xc8 pr_cmds.o
                0x000000000011db10                PF_error
 .text.PF_objerror
                0x000000000011dbd8       0xdc pr_cmds.o
                0x000000000011dbd8                PF_objerror
 .text.PF_sprint
                0x000000000011dcb4       0xfc pr_cmds.o
                0x000000000011dcb4                PF_sprint
 .text.PF_centerprint
                0x000000000011ddb0       0xfc pr_cmds.o
                0x000000000011ddb0                PF_centerprint
 .text.PF_WriteAngle
                0x000000000011deac       0xfc pr_cmds.o
                0x000000000011deac                PF_WriteAngle
 .text.PF_WriteCoord
                0x000000000011dfa8       0xfc pr_cmds.o
                0x000000000011dfa8                PF_WriteCoord
 .text.PF_WriteByte
                0x000000000011e0a4       0xec pr_cmds.o
                0x000000000011e0a4                PF_WriteByte
 .text.PF_WriteChar
                0x000000000011e190       0xec pr_cmds.o
                0x000000000011e190                PF_WriteChar
 .text.PF_WriteShort
                0x000000000011e27c       0xec pr_cmds.o
                0x000000000011e27c                PF_WriteShort
 .text.PF_WriteLong
                0x000000000011e368       0xec pr_cmds.o
                0x000000000011e368                PF_WriteLong
 .text.PF_WriteString
                0x000000000011e454       0xf4 pr_cmds.o
                0x000000000011e454                PF_WriteString
 .text.PF_WriteEntity
                0x000000000011e548      0x114 pr_cmds.o
                0x000000000011e548                PF_WriteEntity
 .text.PF_setmodel
                0x000000000011e65c      0x200 pr_cmds.o
                0x000000000011e65c                PF_setmodel
 .text.PF_newcheckclient
                0x000000000011e85c      0x100 pr_cmds.o
                0x000000000011e85c                PF_newcheckclient
 *fill*         0x000000000011e95c        0x4 
 .text.PF_checkclient
                0x000000000011e960      0x178 pr_cmds.o
                0x000000000011e960                PF_checkclient
 .text.ED_Count
                0x000000000011ead8      0x120 pr_edict.o
                0x000000000011ead8                ED_Count
 .text.ED_Alloc
                0x000000000011ebf8      0x180 pr_edict.o
                0x000000000011ebf8                ED_Alloc
 .text.ED_Free  0x000000000011ed78       0x88 pr_edict.o
                0x000000000011ed78                ED_Free
 .text.GetEdictFieldValue
                0x000000000011ee00      0x110 pr_edict.o
                0x000000000011ee00                GetEdictFieldValue
 .text.PR_ValueString
                0x000000000011ef10      0x224 pr_edict.o
                0x000000000011ef10                PR_ValueString
 .text.ED_Print.part.0
                0x000000000011f134      0x178 pr_edict.o
 .text.ED_PrintEdicts
                0x000000000011f2ac       0xac pr_edict.o
                0x000000000011f2ac                ED_PrintEdicts
 .text.ED_PrintEdict_f
                0x000000000011f358       0x98 pr_edict.o
                0x000000000011f358                ED_PrintEdict_f
 .text.PR_UglyValueString
                0x000000000011f3f0      0x1f0 pr_edict.o
                0x000000000011f3f0                PR_UglyValueString
 .text.PR_GlobalString
                0x000000000011f5e0      0x100 pr_edict.o
                0x000000000011f5e0                PR_GlobalString
 .text.PR_GlobalStringNoContents
                0x000000000011f6e0       0xd8 pr_edict.o
                0x000000000011f6e0                PR_GlobalStringNoContents
 .text.ED_Print
                0x000000000011f7b8       0x1c pr_edict.o
                0x000000000011f7b8                ED_Print
 .text.ED_Write
                0x000000000011f7d4      0x144 pr_edict.o
                0x000000000011f7d4                ED_Write
 .text.ED_PrintNum
                0x000000000011f918       0x70 pr_edict.o
                0x000000000011f918                ED_PrintNum
 .text.ED_WriteGlobals
                0x000000000011f988       0xe4 pr_edict.o
                0x000000000011f988                ED_WriteGlobals
 .text.ED_ParseEpair
                0x000000000011fa6c      0x2b8 pr_edict.o
                0x000000000011fa6c                ED_ParseEpair
 .text.ED_ParseGlobals
                0x000000000011fd24      0x12c pr_edict.o
                0x000000000011fd24                ED_ParseGlobals
 .text.ED_ParseEdict
                0x000000000011fe50      0x270 pr_edict.o
                0x000000000011fe50                ED_ParseEdict
 .text.ED_LoadFromFile
                0x00000000001200c0      0x2e0 pr_edict.o
                0x00000000001200c0                ED_LoadFromFile
 .text.PR_LoadProgs
                0x00000000001203a0      0x434 pr_edict.o
                0x00000000001203a0                PR_LoadProgs
 .text.PR_Init  0x00000000001207d4       0xb8 pr_edict.o
                0x00000000001207d4                PR_Init
 .text.EDICT_NUM
                0x000000000012088c       0x48 pr_edict.o
                0x000000000012088c                EDICT_NUM
 .text.NUM_FOR_EDICT
                0x00000000001208d4       0x4c pr_edict.o
                0x00000000001208d4                NUM_FOR_EDICT
 .text.PR_PrintStatement
                0x0000000000120920      0x190 pr_exec.o
                0x0000000000120920                PR_PrintStatement
 .text.PR_RunError.constprop.0
                0x0000000000120ab0      0x118 pr_exec.o
 .text.PR_Profile_f
                0x0000000000120bc8       0xac pr_exec.o
                0x0000000000120bc8                PR_Profile_f
 .text.PR_RunError
                0x0000000000120c74      0x114 pr_exec.o
                0x0000000000120c74                PR_RunError
 .text.PR_EnterFunction
                0x0000000000120d88      0x1d0 pr_exec.o
                0x0000000000120d88                PR_EnterFunction
 .text.PR_LeaveFunction
                0x0000000000120f58       0xbc pr_exec.o
                0x0000000000120f58                PR_LeaveFunction
 *fill*         0x0000000000121014        0x4 
 .text.PR_ExecuteProgram
                0x0000000000121018      0xa34 pr_exec.o
                0x0000000000121018                PR_ExecuteProgram
 .text.R_InitParticles
                0x0000000000121a4c       0x84 r_part.o
                0x0000000000121a4c                R_InitParticles
 .text.R_EntityParticles
                0x0000000000121ad0      0x220 r_part.o
                0x0000000000121ad0                R_EntityParticles
 .text.R_ClearParticles
                0x0000000000121cf0       0x64 r_part.o
                0x0000000000121cf0                R_ClearParticles
 .text.R_ReadPointFile_f
                0x0000000000121d54      0x150 r_part.o
                0x0000000000121d54                R_ReadPointFile_f
 *fill*         0x0000000000121ea4        0x4 
 .text.R_ParticleExplosion
                0x0000000000121ea8      0x1b0 r_part.o
                0x0000000000121ea8                R_ParticleExplosion
 .text.R_ParticleExplosion2
                0x0000000000122058      0x114 r_part.o
                0x0000000000122058                R_ParticleExplosion2
 *fill*         0x000000000012216c        0x4 
 .text.R_BlobExplosion
                0x0000000000122170      0x1e0 r_part.o
                0x0000000000122170                R_BlobExplosion
 .text.R_RunParticleEffect
                0x0000000000122350      0x280 r_part.o
                0x0000000000122350                R_RunParticleEffect
 .text.R_ParseParticleEffect
                0x00000000001225d0       0x90 r_part.o
                0x00000000001225d0                R_ParseParticleEffect
 .text.R_LavaSplash
                0x0000000000122660      0x174 r_part.o
                0x0000000000122660                R_LavaSplash
 *fill*         0x00000000001227d4        0x4 
 .text.R_TeleportSplash
                0x00000000001227d8      0x1c4 r_part.o
                0x00000000001227d8                R_TeleportSplash
 *fill*         0x000000000012299c        0x4 
 .text.R_RocketTrail
                0x00000000001229a0      0x4b0 r_part.o
                0x00000000001229a0                R_RocketTrail
 .text.R_DrawParticles
                0x0000000000122e50      0x374 r_part.o
                0x0000000000122e50                R_DrawParticles
 .text.Sbar_ShowScores
                0x00000000001231c4       0x20 sbar.o
                0x00000000001231c4                Sbar_ShowScores
 .text.Sbar_DontShowScores
                0x00000000001231e4       0x18 sbar.o
                0x00000000001231e4                Sbar_DontShowScores
 .text.Sbar_IntermissionNumber.constprop.0
                0x00000000001231fc      0x100 sbar.o
 .text.Sbar_Changed
                0x00000000001232fc       0x14 sbar.o
                0x00000000001232fc                Sbar_Changed
 .text.Sbar_Init
                0x0000000000123310      0x7ec sbar.o
                0x0000000000123310                Sbar_Init
 .text.Sbar_DrawPic
                0x0000000000123afc       0x38 sbar.o
                0x0000000000123afc                Sbar_DrawPic
 .text.Sbar_DrawNum
                0x0000000000123b34      0x14c sbar.o
                0x0000000000123b34                Sbar_DrawNum
 .text.Sbar_SortFrags
                0x0000000000123c80      0x794 sbar.o
                0x0000000000123c80                Sbar_SortFrags
 *fill*         0x0000000000124414        0x4 
 .text.Sbar_SoloScoreboard
                0x0000000000124418      0x194 sbar.o
                0x0000000000124418                Sbar_SoloScoreboard
 *fill*         0x00000000001245ac        0x4 
 .text.Sbar_DrawInventory
                0x00000000001245b0      0xab0 sbar.o
                0x00000000001245b0                Sbar_DrawInventory
 .text.Sbar_DrawFrags
                0x0000000000125060      0x244 sbar.o
                0x0000000000125060                Sbar_DrawFrags
 .text.Sbar_DrawFace
                0x00000000001252a4      0x390 sbar.o
                0x00000000001252a4                Sbar_DrawFace
 .text.Sbar_DeathmatchOverlay
                0x0000000000125634      0x1a0 sbar.o
                0x0000000000125634                Sbar_DeathmatchOverlay
 .text.Sbar_MiniDeathmatchOverlay
                0x00000000001257d4      0x3ec sbar.o
                0x00000000001257d4                Sbar_MiniDeathmatchOverlay
 .text.Sbar_Draw
                0x0000000000125bc0      0x55c sbar.o
                0x0000000000125bc0                Sbar_Draw
 .text.Sbar_IntermissionOverlay
                0x000000000012611c      0x178 sbar.o
                0x000000000012611c                Sbar_IntermissionOverlay
 .text.Sbar_FinaleOverlay
                0x0000000000126294       0x48 sbar.o
                0x0000000000126294                Sbar_FinaleOverlay
 .text.SV_Init  0x00000000001262dc       0xb8 sv_main.o
                0x00000000001262dc                SV_Init
 .text.SV_StartParticle
                0x0000000000126394       0xe0 sv_main.o
                0x0000000000126394                SV_StartParticle
 *fill*         0x0000000000126474        0x4 
 .text.SV_StartSound
                0x0000000000126478      0x23c sv_main.o
                0x0000000000126478                SV_StartSound
 *fill*         0x00000000001266b4        0x4 
 .text.SV_SendServerinfo
                0x00000000001266b8      0x208 sv_main.o
                0x00000000001266b8                SV_SendServerinfo
 .text.SV_ConnectClient
                0x00000000001268c0      0x1fc sv_main.o
                0x00000000001268c0                SV_ConnectClient
 .text.SV_CheckForNewClients
                0x0000000000126abc       0xb8 sv_main.o
                0x0000000000126abc                SV_CheckForNewClients
 .text.SV_ClearDatagram
                0x0000000000126b74        0xc sv_main.o
                0x0000000000126b74                SV_ClearDatagram
 .text.SV_AddToFatPVS
                0x0000000000126b80      0x1a8 sv_main.o
                0x0000000000126b80                SV_AddToFatPVS
 .text.SV_WriteEntitiesToClient
                0x0000000000126d28      0x728 sv_main.o
                0x0000000000126d28                SV_WriteEntitiesToClient
 .text.SV_WriteClientdataToMessage
                0x0000000000127450      0x548 sv_main.o
                0x0000000000127450                SV_WriteClientdataToMessage
 .text.SV_SendClientDatagram
                0x0000000000127998       0xb8 sv_main.o
                0x0000000000127998                SV_SendClientDatagram
 .text.SV_UpdateToReliableMessages
                0x0000000000127a50      0x170 sv_main.o
                0x0000000000127a50                SV_UpdateToReliableMessages
 .text.SV_SendClientMessages
                0x0000000000127bc0      0x234 sv_main.o
                0x0000000000127bc0                SV_SendClientMessages
 .text.SV_ModelIndex
                0x0000000000127df4       0x6c sv_main.o
                0x0000000000127df4                SV_ModelIndex
 .text.SV_CreateBaseline
                0x0000000000127e60      0x214 sv_main.o
                0x0000000000127e60                SV_CreateBaseline
 .text.SV_SendReconnect
                0x0000000000128074       0x74 sv_main.o
                0x0000000000128074                SV_SendReconnect
 .text.SV_SaveSpawnparms
                0x00000000001280e8      0x14c sv_main.o
                0x00000000001280e8                SV_SaveSpawnparms
 *fill*         0x0000000000128234        0x4 
 .text.SV_SpawnServer
                0x0000000000128238      0x44c sv_main.o
                0x0000000000128238                SV_SpawnServer
 .text.SV_CheckBottom
                0x0000000000128684      0x224 sv_move.o
                0x0000000000128684                SV_CheckBottom
 .text.SV_movestep
                0x00000000001288a8      0x400 sv_move.o
                0x00000000001288a8                SV_movestep
 .text.SV_StepDirection
                0x0000000000128ca8      0x120 sv_move.o
                0x0000000000128ca8                SV_StepDirection
 .text.SV_NewChaseDir
                0x0000000000128dc8      0x598 sv_move.o
                0x0000000000128dc8                SV_NewChaseDir
 .text.SV_MoveToGoal
                0x0000000000129360      0x14c sv_move.o
                0x0000000000129360                SV_MoveToGoal
 .text.SV_CheckVelocity
                0x00000000001294ac      0x210 sv_phys.o
                0x00000000001294ac                SV_CheckVelocity
 .text.SV_Impact
                0x00000000001296bc       0xb8 sv_phys.o
                0x00000000001296bc                SV_Impact
 *fill*         0x0000000000129774        0x4 
 .text.SV_FlyMove
                0x0000000000129778      0x540 sv_phys.o
                0x0000000000129778                SV_FlyMove
 .text.SV_PushEntity
                0x0000000000129cb8      0x11c sv_phys.o
                0x0000000000129cb8                SV_PushEntity
 .text.SV_PushMove
                0x0000000000129dd4      0x3fc sv_phys.o
                0x0000000000129dd4                SV_PushMove
 .text.SV_CheckStuck
                0x000000000012a1d0      0x11c sv_phys.o
                0x000000000012a1d0                SV_CheckStuck
 *fill*         0x000000000012a2ec        0x4 
 .text.SV_CheckWater
                0x000000000012a2f0      0x10c sv_phys.o
                0x000000000012a2f0                SV_CheckWater
 .text.SV_WallFriction
                0x000000000012a3fc       0xc4 sv_phys.o
                0x000000000012a3fc                SV_WallFriction
 .text.SV_TryUnstick
                0x000000000012a4c0      0x254 sv_phys.o
                0x000000000012a4c0                SV_TryUnstick
 *fill*         0x000000000012a714        0x4 
 .text.SV_WalkMove
                0x000000000012a718      0x284 sv_phys.o
                0x000000000012a718                SV_WalkMove
 *fill*         0x000000000012a99c        0x4 
 .text.SV_Physics_Toss
                0x000000000012a9a0      0x42c sv_phys.o
                0x000000000012a9a0                SV_Physics_Toss
 .text.SV_Physics_Client.part.0
                0x000000000012adcc      0x380 sv_phys.o
 *fill*         0x000000000012b14c        0x4 
 .text.SV_Physics_Step
                0x000000000012b150      0x238 sv_phys.o
                0x000000000012b150                SV_Physics_Step
 .text.SV_Physics
                0x000000000012b388      0x3dc sv_phys.o
                0x000000000012b388                SV_Physics
 *fill*         0x000000000012b764        0x4 
 .text.SV_SetIdealPitch
                0x000000000012b768      0x2c8 sv_user.o
                0x000000000012b768                SV_SetIdealPitch
 .text.SV_UserFriction
                0x000000000012ba30      0x184 sv_user.o
                0x000000000012ba30                SV_UserFriction
 .text.SV_Accelerate
                0x000000000012bbb4       0xa0 sv_user.o
                0x000000000012bbb4                SV_Accelerate
 .text.SV_AirAccelerate
                0x000000000012bc54       0xbc sv_user.o
                0x000000000012bc54                SV_AirAccelerate
 .text.SV_WaterMove
                0x000000000012bd10      0x210 sv_user.o
                0x000000000012bd10                SV_WaterMove
 .text.SV_AirMove
                0x000000000012bf20      0x170 sv_user.o
                0x000000000012bf20                SV_AirMove
 .text.SV_ClientThink
                0x000000000012c090      0x1f4 sv_user.o
                0x000000000012c090                SV_ClientThink
 .text.SV_ReadClientMove
                0x000000000012c284      0x120 sv_user.o
                0x000000000012c284                SV_ReadClientMove
 .text.SV_ReadClientMessage
                0x000000000012c3a4      0x350 sv_user.o
                0x000000000012c3a4                SV_ReadClientMessage
 .text.SV_RunClients
                0x000000000012c6f4      0x100 sv_user.o
                0x000000000012c6f4                SV_RunClients
 .text.V_BonusFlash_f
                0x000000000012c7f4       0x2c view.o
                0x000000000012c7f4                V_BonusFlash_f
 .text.V_cshift_f
                0x000000000012c820       0x5c view.o
                0x000000000012c820                V_cshift_f
 .text.V_StartPitchDrift
                0x000000000012c87c       0x60 view.o
                0x000000000012c87c                V_StartPitchDrift
 .text.V_CalcRoll
                0x000000000012c8dc       0x8c view.o
                0x000000000012c8dc                V_CalcRoll
 .text.V_CalcBob
                0x000000000012c968      0x130 view.o
                0x000000000012c968                V_CalcBob
 .text.V_StopPitchDrift
                0x000000000012ca98       0x2c view.o
                0x000000000012ca98                V_StopPitchDrift
 .text.V_DriftPitch
                0x000000000012cac4      0x17c view.o
                0x000000000012cac4                V_DriftPitch
 .text.V_ParseDamage
                0x000000000012cc40      0x1d8 view.o
                0x000000000012cc40                V_ParseDamage
 .text.V_SetContentsColor
                0x000000000012ce18       0x84 view.o
                0x000000000012ce18                V_SetContentsColor
 *fill*         0x000000000012ce9c        0x4 
 .text.V_UpdatePalette
                0x000000000012cea0      0x538 view.o
                0x000000000012cea0                V_UpdatePalette
 .text.CalcGunAngle
                0x000000000012d3d8      0x248 view.o
                0x000000000012d3d8                CalcGunAngle
 .text.V_BoundOffsets
                0x000000000012d620       0xec view.o
                0x000000000012d620                V_BoundOffsets
 .text.V_AddIdle
                0x000000000012d70c       0xcc view.o
                0x000000000012d70c                V_AddIdle
 .text.V_CalcViewRoll
                0x000000000012d7d8      0x118 view.o
                0x000000000012d7d8                V_CalcViewRoll
 .text.V_CalcRefdef
                0x000000000012d8f0      0x3cc view.o
                0x000000000012d8f0                V_CalcRefdef
 .text.V_RenderView
                0x000000000012dcbc      0x2c0 view.o
                0x000000000012dcbc                V_RenderView
 .text.V_Init   0x000000000012df7c      0x1a4 view.o
                0x000000000012df7c                V_Init
 .text.W_LoadWadFile
                0x000000000012e120      0x3c8 wad.o
                0x000000000012e120                W_LoadWadFile
 .text.W_GetLumpName
                0x000000000012e4e8      0x314 wad.o
                0x000000000012e4e8                W_GetLumpName
 .text.SwapPic  0x000000000012e7fc       0x38 wad.o
                0x000000000012e7fc                SwapPic
 .text.SV_CreateAreaNode
                0x000000000012e834      0x16c world.o
                0x000000000012e834                SV_CreateAreaNode
 .text.SV_ClearWorld
                0x000000000012e9a0      0x100 world.o
                0x000000000012e9a0                SV_ClearWorld
 .text.SV_UnlinkEdict
                0x000000000012eaa0       0x2c world.o
                0x000000000012eaa0                SV_UnlinkEdict
 .text.SV_TouchLinks
                0x000000000012eacc      0x190 world.o
                0x000000000012eacc                SV_TouchLinks
 .text.SV_FindTouchedLeafs
                0x000000000012ec5c      0x100 world.o
                0x000000000012ec5c                SV_FindTouchedLeafs
 .text.SV_LinkEdict
                0x000000000012ed5c      0x1ec world.o
                0x000000000012ed5c                SV_LinkEdict
 .text.SV_HullPointContents
                0x000000000012ef48       0xc4 world.o
                0x000000000012ef48                SV_HullPointContents
 .text.SV_PointContents
                0x000000000012f00c       0x30 world.o
                0x000000000012f00c                SV_PointContents
 *fill*         0x000000000012f03c        0x4 
 .text.SV_RecursiveHullCheck
                0x000000000012f040      0x3fc world.o
                0x000000000012f040                SV_RecursiveHullCheck
 .text.SV_ClipMoveToEntity
                0x000000000012f43c      0x2c0 world.o
                0x000000000012f43c                SV_ClipMoveToEntity
 .text.SV_ClipToLinks
                0x000000000012f6fc      0x2b4 world.o
                0x000000000012f6fc                SV_ClipToLinks
 .text.SV_TestEntityPosition
                0x000000000012f9b0      0x138 world.o
                0x000000000012f9b0                SV_TestEntityPosition
 .text.SV_Move  0x000000000012fae8      0x1e8 world.o
                0x000000000012fae8                SV_Move
 .text.Cache_Flush
                0x000000000012fcd0       0xb0 zone.o
                0x000000000012fcd0                Cache_Flush
 .text.Z_Free   0x000000000012fd80       0xf4 zone.o
                0x000000000012fd80                Z_Free
 .text.Z_TagMalloc
                0x000000000012fe74       0xe4 zone.o
                0x000000000012fe74                Z_TagMalloc
 .text.Z_Malloc
                0x000000000012ff58       0xf8 zone.o
                0x000000000012ff58                Z_Malloc
 .text.Hunk_Check
                0x0000000000130050       0x98 zone.o
                0x0000000000130050                Hunk_Check
 .text.Hunk_AllocName
                0x00000000001300e8      0x318 zone.o
                0x00000000001300e8                Hunk_AllocName
 .text.Hunk_Alloc
                0x0000000000130400        0xc zone.o
                0x0000000000130400                Hunk_Alloc
 .text.Hunk_LowMark
                0x000000000013040c       0x10 zone.o
                0x000000000013040c                Hunk_LowMark
 .text.Hunk_FreeToLowMark
                0x000000000013041c       0x50 zone.o
                0x000000000013041c                Hunk_FreeToLowMark
 .text.Hunk_HighAllocName
                0x000000000013046c      0x48c zone.o
                0x000000000013046c                Hunk_HighAllocName
 .text.Hunk_TempAlloc
                0x00000000001308f8      0x10c zone.o
                0x00000000001308f8                Hunk_TempAlloc
 .text.Cache_Report
                0x0000000000130a04       0x44 zone.o
                0x0000000000130a04                Cache_Report
 .text.Cache_Free
                0x0000000000130a48       0x8c zone.o
                0x0000000000130a48                Cache_Free
 .text.Cache_Check
                0x0000000000130ad4       0x84 zone.o
                0x0000000000130ad4                Cache_Check
 .text.Cache_Alloc
                0x0000000000130b58      0x2dc zone.o
                0x0000000000130b58                Cache_Alloc
 .text.Memory_Init
                0x0000000000130e34      0x114 zone.o
                0x0000000000130e34                Memory_Init
 .text.Sys_FileClose
                0x0000000000130f48       0x24 sys_ctr.o
                0x0000000000130f48                Sys_FileClose
 .text.Sys_FileSeek
                0x0000000000130f6c       0x14 sys_ctr.o
                0x0000000000130f6c                Sys_FileSeek
 .text.Sys_FileRead
                0x0000000000130f80       0x1c sys_ctr.o
                0x0000000000130f80                Sys_FileRead
 .text.Sys_FileWrite
                0x0000000000130f9c       0x1c sys_ctr.o
                0x0000000000130f9c                Sys_FileWrite
 .text.Sys_FileTime
                0x0000000000130fb8       0x2c sys_ctr.o
                0x0000000000130fb8                Sys_FileTime
 .text.Sys_mkdir
                0x0000000000130fe4        0x4 sys_ctr.o
                0x0000000000130fe4                Sys_mkdir
 .text.Sys_Printf
                0x0000000000130fe8       0x40 sys_ctr.o
                0x0000000000130fe8                Sys_Printf
 .text.Sys_Quit
                0x0000000000131028       0x20 sys_ctr.o
                0x0000000000131028                Sys_Quit
 .text.Sys_Error
                0x0000000000131048       0x70 sys_ctr.o
                0x0000000000131048                Sys_Error
 .text.Sys_FileOpenRead
                0x00000000001310b8      0x130 sys_ctr.o
                0x00000000001310b8                Sys_FileOpenRead
 .text.Sys_FileOpenWrite
                0x00000000001311e8      0x10c sys_ctr.o
                0x00000000001311e8                Sys_FileOpenWrite
 .text.sysAptHook
                0x00000000001312f4       0x10 sys_ctr.o
 *fill*         0x0000000000131304        0x4 
 .text.Sys_FloatTime
                0x0000000000131308       0x5c sys_ctr.o
                0x0000000000131308                Sys_FloatTime
 .text.Sys_ConsoleInput
                0x0000000000131364        0x8 sys_ctr.o
                0x0000000000131364                Sys_ConsoleInput
 .text.CTR_SetKeys
                0x000000000013136c      0x164 sys_ctr.o
                0x000000000013136c                CTR_SetKeys
 .text.Sys_SendKeyEvents
                0x00000000001314d0       0x58 sys_ctr.o
                0x00000000001314d0                Sys_SendKeyEvents
 .text.Sys_HighFPPrecision
                0x0000000000131528        0x4 sys_ctr.o
                0x0000000000131528                Sys_HighFPPrecision
 .text.Sys_LowFPPrecision
                0x000000000013152c        0x4 sys_ctr.o
                0x000000000013152c                Sys_LowFPPrecision
 .text.Sys_DefaultConfig
                0x0000000000131530       0x8c sys_ctr.o
                0x0000000000131530                Sys_DefaultConfig
 .text.Sys_Init
                0x00000000001315bc       0x34 sys_ctr.o
                0x00000000001315bc                Sys_Init
 .text.startup.main
                0x00000000001315f0      0x194 sys_ctr.o
                0x00000000001315f0                main
 .text.D_DrawPoly
                0x0000000000131784        0x4 d_edge.o
                0x0000000000131784                D_DrawPoly
 .text.D_DrawSolidSurface
                0x0000000000131788      0x1d4 d_edge.o
                0x0000000000131788                D_DrawSolidSurface
 *fill*         0x000000000013195c        0x4 
 .text.D_CalcGradients
                0x0000000000131960      0x24c d_edge.o
                0x0000000000131960                D_CalcGradients
 .text.D_DrawSurfaces
                0x0000000000131bac      0x4b0 d_edge.o
                0x0000000000131bac                D_DrawSurfaces
 .text.D_Init   0x000000000013205c       0x84 d_init.o
                0x000000000013205c                D_Init
 .text.D_EnableBackBufferAccess
                0x00000000001320e0        0x4 d_init.o
                0x00000000001320e0                D_EnableBackBufferAccess
 .text.D_TurnZOn
                0x00000000001320e4        0x4 d_init.o
                0x00000000001320e4                D_TurnZOn
 .text.D_DisableBackBufferAccess
                0x00000000001320e8        0x4 d_init.o
                0x00000000001320e8                D_DisableBackBufferAccess
 .text.D_SetupFrame
                0x00000000001320ec      0x120 d_init.o
                0x00000000001320ec                D_SetupFrame
 *fill*         0x000000000013220c        0x4 
 .text.D_ViewChanged
                0x0000000000132210      0x1b8 d_modech.o
                0x0000000000132210                D_ViewChanged
 .text.D_EndParticles
                0x00000000001323c8        0x4 d_part.o
                0x00000000001323c8                D_EndParticles
 .text.D_StartParticles
                0x00000000001323cc        0x4 d_part.o
                0x00000000001323cc                D_StartParticles
 .text.D_DrawParticle
                0x00000000001323d0      0x4bc d_part.o
                0x00000000001323d0                D_DrawParticle
 .text.D_PolysetDrawFinalVerts
                0x000000000013288c       0xc8 d_polyse.o
                0x000000000013288c                D_PolysetDrawFinalVerts
 .text.D_PolysetRecursiveTriangle
                0x0000000000132954      0x1d0 d_polyse.o
                0x0000000000132954                D_PolysetRecursiveTriangle
 .text.D_DrawSubdiv
                0x0000000000132b24      0x168 d_polyse.o
                0x0000000000132b24                D_DrawSubdiv
 .text.D_PolysetUpdateTables
                0x0000000000132c8c       0x5c d_polyse.o
                0x0000000000132c8c                D_PolysetUpdateTables
 .text.D_PolysetScanLeftEdge
                0x0000000000132ce8      0x278 d_polyse.o
                0x0000000000132ce8                D_PolysetScanLeftEdge
 .text.D_PolysetCalcGradients
                0x0000000000132f60      0x200 d_polyse.o
                0x0000000000132f60                D_PolysetCalcGradients
 .text.D_PolysetDrawSpans8
                0x0000000000133160      0x154 d_polyse.o
                0x0000000000133160                D_PolysetDrawSpans8
 .text.D_RasterizeAliasPolySmooth
                0x00000000001332b4      0x764 d_polyse.o
                0x00000000001332b4                D_RasterizeAliasPolySmooth
 .text.D_PolysetSetEdgeTable
                0x0000000000133a18       0xd0 d_polyse.o
                0x0000000000133a18                D_PolysetSetEdgeTable
 .text.D_DrawNonSubdiv
                0x0000000000133ae8      0x18c d_polyse.o
                0x0000000000133ae8                D_DrawNonSubdiv
 .text.D_PolysetDraw
                0x0000000000133c74       0x54 d_polyse.o
                0x0000000000133c74                D_PolysetDraw
 .text.D_WarpScreen
                0x0000000000133cc8      0x23c d_scan.o
                0x0000000000133cc8                D_WarpScreen
 .text.D_DrawTurbulent8Span
                0x0000000000133f04       0x98 d_scan.o
                0x0000000000133f04                D_DrawTurbulent8Span
 *fill*         0x0000000000133f9c        0x4 
 .text.Turbulent8
                0x0000000000133fa0      0x3d8 d_scan.o
                0x0000000000133fa0                Turbulent8
 .text.D_DrawSpans16Qb
                0x0000000000134378      0x798 d_scan.o
                0x0000000000134378                D_DrawSpans16Qb
 .text.D_DrawSpans16QbDither
                0x0000000000134b10      0x7dc d_scan.o
                0x0000000000134b10                D_DrawSpans16QbDither
 *fill*         0x00000000001352ec        0x4 
 .text.D_DrawZSpans
                0x00000000001352f0      0x144 d_scan.o